../Drivers/CMSIS/Include/core_cm4.h:2064:26:ITM_SendChar	4
../Core/Src/main.c:103:5:__io_putchar	1
../Core/Src/main.c:111:10:ADC_ReadChannel	1
../Core/Src/main.c:145:6:Servo_SetAngle	5
../Core/Src/main.c:168:10:Emergency_Action	1
../Core/Src/main.c:177:10:LED_ON	1
../Core/Src/main.c:182:10:LED_OFF	1
../Core/Src/main.c:187:10:Buzzer_ON	1
../Core/Src/main.c:193:10:Buzzer_OFF	1
../Core/Src/main.c:204:5:main	15
../Core/Src/main.c:371:6:SystemClock_Config	4
../Core/Src/main.c:423:6:DisplayDigit	7
../Core/Src/main.c:472:6:HAL_TIM_PeriodElapsedCallback	3
../Core/Src/main.c:491:6:Error_Handler	1
