../Drivers/CMSIS/Include/core_cm4.h:2064:26:ITM_SendChar	4
../Core/Src/main.c:102:5:__io_putchar	1
../Core/Src/main.c:110:10:ADC_ReadChannel	1
../Core/Src/main.c:150:16:ADC_ToSensorCm	5
../Core/Src/main.c:192:6:Servo_SetAngle	5
../Core/Src/main.c:215:21:Servo_Channel	3
../Core/Src/main.c:226:17:Servo_BeginMove	5
../Core/Src/main.c:255:20:Servo_UpdateMove	7
../Core/Src/main.c:284:17:Emergency_Action	2
../Core/Src/main.c:294:17:Recovery_Action	2
../Core/Src/main.c:303:17:Servo_SequenceUpdate	16
../Core/Src/main.c:379:10:LED_ON	1
../Core/Src/main.c:384:10:LED_OFF	1
../Core/Src/main.c:389:10:Buzzer_ON	5
../Core/Src/main.c:414:10:Buzzer_OFF	4
../Core/Src/main.c:433:5:main	27
../Core/Src/main.c:636:6:SystemClock_Config	4
../Core/Src/main.c:693:6:Error_Handler	1
